BL51 BANKED LINKER/LOCATER V6.22.4.0                                                    12/11/2024  23:44:29  PAGE 1


BL51 BANKED LINKER/LOCATER V6.22.4.0, INVOKED BY:
D:\KEIL_V5\C51\BIN\BL51.EXE .\Objects\main.obj TO .\Objects\1 PRINT (.\Listings\1.m51) RAMSIZE (256)


MEMORY MODEL: SMALL


INPUT MODULES INCLUDED:
  .\Objects\main.obj (MAIN)
  D:\KEIL_V5\C51\LIB\C51S.LIB (?C_STARTUP)
  D:\KEIL_V5\C51\LIB\C51S.LIB (?C_INIT)


LINK MAP OF MODULE:  .\Objects\1 (MAIN)


            TYPE    BASE      LENGTH    RELOCATION   SEGMENT NAME
            -----------------------------------------------------

            * * * * * * *   D A T A   M E M O R Y   * * * * * * *
            REG     0000H     0008H     ABSOLUTE     "REG BANK 0"
            DATA    0008H     0001H     UNIT         ?DT?MAIN
            IDATA   0009H     0001H     UNIT         ?STACK

            * * * * * * *   C O D E   M E M O R Y   * * * * * * *
            CODE    0000H     0003H     ABSOLUTE     
            CODE    0003H     00F9H     UNIT         ?PR?MATRIXKEY?MAIN
            CODE    00FCH     008CH     UNIT         ?C_C51STARTUP
            CODE    0188H     005BH     UNIT         ?PR?MAIN?MAIN
            CODE    01E3H     0022H     UNIT         ?PR?_BUZZER_TIME?MAIN
            CODE    0205H     000FH     UNIT         ?PR?DELAY?MAIN
            CODE    0214H     0006H     UNIT         ?PR?BUZZER_DELAY500US?MAIN
            CODE    021AH     0004H     UNIT         ?C_INITSEG



OVERLAY MAP OF MODULE:   .\Objects\1 (MAIN)


SEGMENT
  +--> CALLED SEGMENT
---------------------
?C_C51STARTUP
  +--> ?PR?MAIN?MAIN
  +--> ?C_INITSEG

?PR?MAIN?MAIN
  +--> ?PR?MATRIXKEY?MAIN
  +--> ?PR?_BUZZER_TIME?MAIN

?PR?MATRIXKEY?MAIN
  +--> ?PR?DELAY?MAIN

?PR?_BUZZER_TIME?MAIN
  +--> ?PR?BUZZER_DELAY500US?MAIN



BL51 BANKED LINKER/LOCATER V6.22.4.0                                                  12/11/2024  23:44:29  PAGE 2


SYMBOL TABLE OF MODULE:  .\Objects\1 (MAIN)

  VALUE           TYPE          NAME
  ----------------------------------

  -------         MODULE        MAIN
  C:0000H         SYMBOL        _ICE_DUMMY_
  D:0090H         PUBLIC        P1
  D:00A0H         PUBLIC        P2
  B:00A0H.5       PUBLIC        Buzzer
  B:0090H.0       PUBLIC        P1_0
  B:0090H.1       PUBLIC        P1_1
  B:0090H.2       PUBLIC        P1_2
  B:0090H.3       PUBLIC        P1_3
  B:0090H.4       PUBLIC        P1_4
  B:0090H.5       PUBLIC        P1_5
  B:0090H.6       PUBLIC        P1_6
  D:0008H         PUBLIC        KeyNumber
  B:0090H.7       PUBLIC        P1_7
  C:0003H         PUBLIC        MatrixKey
  C:0188H         PUBLIC        main
  C:0214H         PUBLIC        Buzzer_Delay500us
  C:0205H         PUBLIC        Delay
  C:01E3H         PUBLIC        _Buzzer_Time
  -------         PROC          DELAY
  -------         DO            
  D:0007H         SYMBOL        i
  D:0006H         SYMBOL        j
  D:0005H         SYMBOL        k
  -------         ENDDO         
  C:0205H         LINE#         7
  C:0205H         LINE#         8
  C:0205H         LINE#         11
  C:0206H         LINE#         12
  C:0207H         LINE#         13
  C:0209H         LINE#         14
  C:020BH         LINE#         15
  C:020DH         LINE#         17
  C:020DH         LINE#         19
  C:020DH         LINE#         20
  C:020FH         LINE#         21
  C:0211H         LINE#         22
  C:0213H         LINE#         23
  -------         ENDPROC       DELAY
  -------         PROC          BUZZER_DELAY500US
  -------         DO            
  D:0007H         SYMBOL        i
  -------         ENDDO         
  C:0214H         LINE#         31
  C:0214H         LINE#         32
  C:0214H         LINE#         35
  C:0215H         LINE#         36
  C:0217H         LINE#         37
  C:0219H         LINE#         38
  -------         ENDPROC       BUZZER_DELAY500US
  -------         PROC          _BUZZER_TIME
  D:0004H         SYMBOL        ms
BL51 BANKED LINKER/LOCATER V6.22.4.0                                                  12/11/2024  23:44:29  PAGE 3


  -------         DO            
  D:0002H         SYMBOL        i
  -------         ENDDO         
  C:01E3H         LINE#         45
  C:01E7H         LINE#         46
  C:01E7H         LINE#         48
  C:01F8H         LINE#         49
  C:01F8H         LINE#         50
  C:01FAH         LINE#         51
  C:01FDH         LINE#         52
  C:0204H         LINE#         53
  -------         ENDPROC       _BUZZER_TIME
  -------         PROC          MATRIXKEY
  -------         DO            
  D:0004H         SYMBOL        KeyNumber
  -------         ENDDO         
  C:0003H         LINE#         54
  C:0003H         LINE#         55
  C:0003H         LINE#         56
  C:0005H         LINE#         58
  C:0008H         LINE#         59
  C:000AH         LINE#         60
  C:0018H         LINE#         61
  C:0026H         LINE#         62
  C:0034H         LINE#         63
  C:0042H         LINE#         65
  C:0045H         LINE#         66
  C:0047H         LINE#         67
  C:0055H         LINE#         68
  C:0063H         LINE#         69
  C:0071H         LINE#         70
  C:007FH         LINE#         72
  C:0082H         LINE#         73
  C:0084H         LINE#         74
  C:0092H         LINE#         75
  C:00A0H         LINE#         76
  C:00AEH         LINE#         77
  C:00BCH         LINE#         79
  C:00BFH         LINE#         80
  C:00C1H         LINE#         81
  C:00CFH         LINE#         82
  C:00DDH         LINE#         83
  C:00EBH         LINE#         84
  C:00F9H         LINE#         86
  C:00FBH         LINE#         87
  -------         ENDPROC       MATRIXKEY
  -------         PROC          MAIN
  C:0188H         LINE#         89
  C:0188H         LINE#         90
  C:0188H         LINE#         91
  C:0188H         LINE#         92
  C:0188H         LINE#         93
  C:018DH         LINE#         94
  C:0192H         LINE#         95
  C:0192H         LINE#         96
  C:0199H         LINE#         97
  C:0199H         LINE#         98
BL51 BANKED LINKER/LOCATER V6.22.4.0                                                  12/11/2024  23:44:29  PAGE 4


  C:019EH         LINE#         99
  C:019EH         LINE#         100
  C:01A5H         LINE#         101
  C:01A5H         LINE#         102
  C:01AAH         LINE#         103
  C:01AAH         LINE#         104
  C:01B1H         LINE#         105
  C:01B1H         LINE#         106
  C:01B6H         LINE#         107
  C:01B6H         LINE#         108
  C:01BDH         LINE#         109
  C:01BDH         LINE#         110
  C:01C2H         LINE#         111
  C:01C2H         LINE#         112
  C:01C9H         LINE#         113
  C:01C9H         LINE#         114
  C:01CEH         LINE#         115
  C:01CEH         LINE#         116
  C:01D5H         LINE#         117
  C:01D5H         LINE#         118
  C:01DAH         LINE#         119
  C:01DAH         LINE#         120
  C:01E1H         LINE#         121
  C:01E1H         LINE#         123
  -------         ENDPROC       MAIN
  -------         ENDMOD        MAIN

Program Size: data=10.0 xdata=0 code=542
LINK/LOCATE RUN COMPLETE.  0 WARNING(S),  0 ERROR(S)
