BL51 BANKED LINKER/LOCATER V6.22.4.0                                                    12/20/2024  18:08:34  PAGE 1


BL51 BANKED LINKER/LOCATER V6.22.4.0, INVOKED BY:
D:\KEIL_V5\C51\BIN\BL51.EXE .\Objects\main.obj TO .\Objects\1 PRINT (.\Listings\1.m51) RAMSIZE (256)


MEMORY MODEL: SMALL


INPUT MODULES INCLUDED:
  .\Objects\main.obj (MAIN)
  D:\KEIL_V5\C51\LIB\C51S.LIB (?C_STARTUP)
  D:\KEIL_V5\C51\LIB\C51S.LIB (?C_INIT)


LINK MAP OF MODULE:  .\Objects\1 (MAIN)


            TYPE    BASE      LENGTH    RELOCATION   SEGMENT NAME
            -----------------------------------------------------

            * * * * * * *   D A T A   M E M O R Y   * * * * * * *
            REG     0000H     0008H     ABSOLUTE     "REG BANK 0"
            DATA    0008H     0009H     UNIT         ?DT?MAIN
            IDATA   0011H     0001H     UNIT         ?STACK

            * * * * * * *   C O D E   M E M O R Y   * * * * * * *
            CODE    0000H     0003H     ABSOLUTE     
            CODE    0003H     0003H     ABSOLUTE     
                    0006H     0005H                  *** GAP ***
            CODE    000BH     0003H     ABSOLUTE     
            CODE    000EH     008CH     UNIT         ?C_C51STARTUP
            CODE    009AH     002BH     UNIT         ?PR?WZD?MAIN
            CODE    00C5H     002AH     UNIT         ?PR?MAIN?MAIN
            CODE    00EFH     0022H     UNIT         ?PR?_BUZZER_TIME?MAIN
            CODE    0111H     0010H     UNIT         ?PR?INT0_TIME?MAIN
            CODE    0121H     0010H     UNIT         ?C_INITSEG
            CODE    0131H     000BH     UNIT         ?PR?INT0_WZD?MAIN
            CODE    013CH     0009H     UNIT         ?PR?TIME?MAIN
            CODE    0145H     0006H     UNIT         ?PR?BUZZER_DELAY500US?MAIN



OVERLAY MAP OF MODULE:   .\Objects\1 (MAIN)


SEGMENT
  +--> CALLED SEGMENT
---------------------
?PR?WZD?MAIN
  +--> ?PR?_BUZZER_TIME?MAIN

?PR?_BUZZER_TIME?MAIN
  +--> ?PR?BUZZER_DELAY500US?MAIN

*** NEW ROOT ***************************************************

?C_C51STARTUP
  +--> ?PR?MAIN?MAIN
  +--> ?C_INITSEG
BL51 BANKED LINKER/LOCATER V6.22.4.0                                                  12/20/2024  18:08:34  PAGE 2



?PR?MAIN?MAIN
  +--> ?PR?INT0_WZD?MAIN
  +--> ?PR?INT0_TIME?MAIN



SYMBOL TABLE OF MODULE:  .\Objects\1 (MAIN)

  VALUE           TYPE          NAME
  ----------------------------------

  -------         MODULE        MAIN
  C:0000H         SYMBOL        _ICE_DUMMY_
  D:00A0H         PUBLIC        P2
  B:00A0H.5       PUBLIC        Buzzer
  B:00A8H.7       PUBLIC        EA
  C:00C5H         PUBLIC        main
  C:013CH         PUBLIC        TIME
  C:0131H         PUBLIC        Int0_WZD
  D:0089H         PUBLIC        TMOD
  B:0088H.1       PUBLIC        IE0
  D:0008H         PUBLIC        A
  B:00A8H.1       PUBLIC        ET0
  D:008CH         PUBLIC        TH0
  B:00A8H.0       PUBLIC        EX0
  B:0088H.0       PUBLIC        IT0
  D:008AH         PUBLIC        TL0
  B:0088H.4       PUBLIC        TR0
  C:0145H         PUBLIC        Buzzer_Delay500us
  B:00B8H.0       PUBLIC        PX0
  D:000FH         PUBLIC        b
  C:0111H         PUBLIC        Int0_TIME
  C:009AH         PUBLIC        WZD
  C:00EFH         PUBLIC        _Buzzer_Time
  D:0010H         PUBLIC        x
  -------         PROC          INT0_TIME
  C:0111H         LINE#         5
  C:0111H         LINE#         6
  C:0111H         LINE#         7
  C:0114H         LINE#         8
  C:0117H         LINE#         9
  C:011AH         LINE#         10
  C:011CH         LINE#         11
  C:011EH         LINE#         12
  C:0120H         LINE#         13
  -------         ENDPROC       INT0_TIME
  -------         PROC          INT0_WZD
  C:0131H         LINE#         14
  C:0131H         LINE#         15
  C:0131H         LINE#         16
  C:0133H         LINE#         17
  C:0135H         LINE#         18
  C:0137H         LINE#         19
  C:0139H         LINE#         20
  C:013BH         LINE#         21
  -------         ENDPROC       INT0_WZD
BL51 BANKED LINKER/LOCATER V6.22.4.0                                                  12/20/2024  18:08:34  PAGE 3


  -------         PROC          BUZZER_DELAY500US
  -------         DO            
  D:0007H         SYMBOL        i
  -------         ENDDO         
  C:0145H         LINE#         22
  C:0145H         LINE#         23
  C:0145H         LINE#         26
  C:0146H         LINE#         27
  C:0148H         LINE#         28
  C:014AH         LINE#         29
  -------         ENDPROC       BUZZER_DELAY500US
  -------         PROC          _BUZZER_TIME
  D:0004H         SYMBOL        ms
  -------         DO            
  D:0002H         SYMBOL        i
  -------         ENDDO         
  C:00EFH         LINE#         31
  C:00F3H         LINE#         32
  C:00F3H         LINE#         34
  C:0104H         LINE#         35
  C:0104H         LINE#         36
  C:0106H         LINE#         37
  C:0109H         LINE#         38
  C:0110H         LINE#         39
  -------         ENDPROC       _BUZZER_TIME
  -------         PROC          MAIN
  C:00C5H         LINE#         40
  C:00C5H         LINE#         41
  C:00C5H         LINE#         42
  C:00C8H         LINE#         43
  C:00CBH         LINE#         44
  C:00CEH         LINE#         45
  C:00CEH         LINE#         46
  C:00CEH         LINE#         47
  C:00D5H         LINE#         48
  C:00D5H         LINE#         49
  C:00D8H         LINE#         50
  C:00E1H         LINE#         51
  C:00E3H         LINE#         52
  C:00EAH         LINE#         53
  C:00EAH         LINE#         54
  C:00EDH         LINE#         55
  C:00EDH         LINE#         56
  C:00EDH         LINE#         57
  -------         ENDPROC       MAIN
  -------         PROC          WZD
  C:009AH         LINE#         59
  C:00ADH         LINE#         61
  C:00B4H         LINE#         62
  -------         ENDPROC       WZD
  -------         PROC          TIME
  C:013CH         LINE#         63
  C:013CH         LINE#         65
  C:013FH         LINE#         66
  C:0142H         LINE#         67
  C:0144H         LINE#         69
  -------         ENDPROC       TIME
BL51 BANKED LINKER/LOCATER V6.22.4.0                                                  12/20/2024  18:08:34  PAGE 4


  -------         ENDMOD        MAIN

Program Size: data=18.0 xdata=0 code=326
LINK/LOCATE RUN COMPLETE.  0 WARNING(S),  0 ERROR(S)
