BL51 BANKED LINKER/LOCATER V6.22.4.0                                                    12/22/2024  20:57:19  PAGE 1


BL51 BANKED LINKER/LOCATER V6.22.4.0, INVOKED BY:
D:\SOFEWARE\MDK536\C51\BIN\BL51.EXE .\Objects\STARTUP.obj, .\Objects\main.obj TO .\Objects\1 PRINT (.\Listings\1.m51) RA
>> MSIZE (256)


MEMORY MODEL: SMALL


INPUT MODULES INCLUDED:
  .\Objects\STARTUP.obj (?C_STARTUP)
  .\Objects\main.obj (MAIN)
  D:\SOFEWARE\MDK536\C51\LIB\C51S.LIB (?C_INIT)


LINK MAP OF MODULE:  .\Objects\1 (?C_STARTUP)


            TYPE    BASE      LENGTH    RELOCATION   SEGMENT NAME
            -----------------------------------------------------

            * * * * * * *   D A T A   M E M O R Y   * * * * * * *
            REG     0000H     0008H     ABSOLUTE     "REG BANK 0"
            DATA    0008H     0004H     UNIT         ?DT?MAIN
            IDATA   000CH     0001H     UNIT         ?STACK

            * * * * * * *   C O D E   M E M O R Y   * * * * * * *
            CODE    0000H     0003H     ABSOLUTE     
            CODE    0003H     0005H     UNIT         ?PR?MAIN?MAIN
                    0008H     0003H                  *** GAP ***
            CODE    000BH     0003H     ABSOLUTE     
            CODE    000EH     008CH     UNIT         ?C_C51STARTUP
            CODE    009AH     007DH     UNIT         ?PR?TIMER0INTERRUPT?MAIN
            CODE    0117H     0015H     UNIT         ?PR?_DELAY?MAIN
            CODE    012CH     0013H     UNIT         ?PR?TIMER0_INIT?MAIN
            CODE    013FH     000DH     UNIT         ?C_INITSEG



OVERLAY MAP OF MODULE:   .\Objects\1 (?C_STARTUP)


SEGMENT
  +--> CALLED SEGMENT
---------------------
?C_C51STARTUP
  +--> ?PR?MAIN?MAIN
  +--> ?C_INITSEG

?PR?MAIN?MAIN
  +--> ?PR?TIMER0_INIT?MAIN



SYMBOL TABLE OF MODULE:  .\Objects\1 (?C_STARTUP)

  VALUE           TYPE          NAME
  ----------------------------------

BL51 BANKED LINKER/LOCATER V6.22.4.0                                                  12/22/2024  20:57:19  PAGE 2


  -------         MODULE        ?C_STARTUP
  C:000EH         SEGMENT       ?C_C51STARTUP
  I:000CH         SEGMENT       ?STACK
  C:0000H         PUBLIC        ?C_STARTUP
  D:00E0H         SYMBOL        ACC
  D:00F0H         SYMBOL        B
  D:0083H         SYMBOL        DPH
  D:0082H         SYMBOL        DPL
  N:0000H         SYMBOL        IBPSTACK
  N:0100H         SYMBOL        IBPSTACKTOP
  N:0080H         SYMBOL        IDATALEN
  C:0011H         SYMBOL        IDATALOOP
  N:0000H         SYMBOL        PBPSTACK
  N:0100H         SYMBOL        PBPSTACKTOP
  N:0000H         SYMBOL        PDATALEN
  N:0000H         SYMBOL        PDATASTART
  N:0000H         SYMBOL        PPAGE
  N:0000H         SYMBOL        PPAGEENABLE
  D:00A0H         SYMBOL        PPAGE_SFR
  D:0081H         SYMBOL        SP
  C:000EH         SYMBOL        STARTUP1
  N:0000H         SYMBOL        XBPSTACK
  N:0000H         SYMBOL        XBPSTACKTOP
  N:0000H         SYMBOL        XDATALEN
  N:0000H         SYMBOL        XDATASTART
  C:0000H         LINE#         126
  C:000EH         LINE#         133
  C:0010H         LINE#         134
  C:0011H         LINE#         135
  C:0012H         LINE#         136
  C:0014H         LINE#         185
  C:0017H         LINE#         196
  -------         ENDMOD        ?C_STARTUP

  -------         MODULE        MAIN
  C:0000H         SYMBOL        _ICE_DUMMY_
  D:000AH         PUBLIC        pwm_duty
  D:0090H         PUBLIC        P1
  D:00A0H         PUBLIC        P2
  B:00A8H.7       PUBLIC        EA
  C:009AH         PUBLIC        Timer0Interrupt
  C:0003H         PUBLIC        main
  C:012CH         PUBLIC        Timer0_Init
  D:0089H         PUBLIC        TMOD
  B:0090H.0       PUBLIC        DA1
  B:00A8H.1       PUBLIC        ET0
  D:008CH         PUBLIC        TH0
  D:008AH         PUBLIC        TL0
  B:0088H.4       PUBLIC        TR0
  C:0117H         PUBLIC        _Delay
  D:000BH         PUBLIC        pwm_direction
  -------         PROC          TIMER0_INIT
  C:012CH         LINE#         17
  C:012CH         LINE#         18
  C:012CH         LINE#         19
  C:012FH         LINE#         20
  C:0132H         LINE#         22
BL51 BANKED LINKER/LOCATER V6.22.4.0                                                  12/22/2024  20:57:19  PAGE 3


  C:0135H         LINE#         23
  C:0138H         LINE#         24
  C:013AH         LINE#         25
  C:013CH         LINE#         26
  C:013EH         LINE#         27
  -------         ENDPROC       TIMER0_INIT
  -------         PROC          _DELAY
  D:0006H         SYMBOL        xms
  -------         DO            
  D:0005H         SYMBOL        i
  D:0004H         SYMBOL        j
  -------         ENDDO         
  C:0117H         LINE#         30
  C:0117H         LINE#         31
  C:0117H         LINE#         33
  C:0121H         LINE#         34
  C:0121H         LINE#         35
  C:0123H         LINE#         36
  C:0125H         LINE#         38
  C:0125H         LINE#         39
  C:0127H         LINE#         40
  C:0129H         LINE#         41
  C:012BH         LINE#         42
  -------         ENDPROC       _DELAY
  -------         PROC          TIMER0INTERRUPT
  -------         DO            
  D:0008H         SYMBOL        led_count
  D:0009H         SYMBOL        pwm_count
  -------         ENDDO         
  C:009AH         LINE#         45
  C:00A7H         LINE#         51
  C:00AAH         LINE#         52
  C:00ADH         LINE#         55
  C:00B6H         LINE#         56
  C:00B6H         LINE#         57
  C:00B9H         LINE#         58
  C:00C9H         LINE#         59
  C:00D2H         LINE#         60
  C:00D2H         LINE#         61
  C:00D5H         LINE#         62
  C:00D5H         LINE#         63
  C:00D5H         LINE#         66
  C:00E1H         LINE#         67
  C:00E1H         LINE#         68
  C:00E5H         LINE#         69
  C:00E5H         LINE#         70
  C:00E7H         LINE#         71
  C:00EEH         LINE#         72
  C:00EEH         LINE#         73
  C:00F1H         LINE#         74
  C:00F1H         LINE#         75
  C:00F3H         LINE#         77
  C:00F3H         LINE#         78
  C:00F5H         LINE#         79
  C:00FCH         LINE#         80
  C:00FCH         LINE#         81
  C:00FFH         LINE#         82
BL51 BANKED LINKER/LOCATER V6.22.4.0                                                  12/22/2024  20:57:19  PAGE 4


  C:00FFH         LINE#         83
  C:00FFH         LINE#         84
  C:00FFH         LINE#         87
  C:0106H         LINE#         88
  C:0106H         LINE#         89
  C:0108H         LINE#         90
  C:010AH         LINE#         92
  C:010AH         LINE#         93
  C:010CH         LINE#         94
  C:010CH         LINE#         95
  -------         ENDPROC       TIMER0INTERRUPT
  -------         PROC          MAIN
  C:0003H         LINE#         98
  C:0003H         LINE#         99
  C:0003H         LINE#         100
  C:0006H         LINE#         101
  C:0006H         LINE#         102
  C:0006H         LINE#         104
  -------         ENDPROC       MAIN
  -------         ENDMOD        MAIN

*** WARNING L16: UNCALLED SEGMENT, IGNORED FOR OVERLAY PROCESS
    SEGMENT: ?PR?_DELAY?MAIN

Program Size: data=13.0 xdata=0 code=329
LINK/LOCATE RUN COMPLETE.  1 WARNING(S),  0 ERROR(S)
