BL51 BANKED LINKER/LOCATER V6.22.4.0                                                    12/23/2024  10:52:42  PAGE 1


BL51 BANKED LINKER/LOCATER V6.22.4.0, INVOKED BY:
D:\SOFEWARE\MDK536\C51\BIN\BL51.EXE .\Objects\STARTUP.obj, .\Objects\main.obj TO .\Objects\1 PRINT (.\Listings\1.m51) RA
>> MSIZE (256)


MEMORY MODEL: SMALL


INPUT MODULES INCLUDED:
  .\Objects\STARTUP.obj (?C_STARTUP)
  .\Objects\main.obj (MAIN)


LINK MAP OF MODULE:  .\Objects\1 (?C_STARTUP)


            TYPE    BASE      LENGTH    RELOCATION   SEGMENT NAME
            -----------------------------------------------------

            * * * * * * *   D A T A   M E M O R Y   * * * * * * *
            REG     0000H     0008H     ABSOLUTE     "REG BANK 0"
            IDATA   0008H     0001H     UNIT         ?STACK

            * * * * * * *   C O D E   M E M O R Y   * * * * * * *
            CODE    0000H     0003H     ABSOLUTE     
            CODE    0003H     0019H     UNIT         ?PR?MAIN?MAIN
                    001CH     0007H                  *** GAP ***
            CODE    0023H     0003H     ABSOLUTE     
            CODE    0026H     0024H     UNIT         ?PR?CK?MAIN
            CODE    004AH     000CH     UNIT         ?C_C51STARTUP
            CODE    0056H     0008H     UNIT         ?PR?_CK_SEND?MAIN



OVERLAY MAP OF MODULE:   .\Objects\1 (?C_STARTUP)


SEGMENT
  +--> CALLED SEGMENT
---------------------
?C_C51STARTUP
  +--> ?PR?MAIN?MAIN

*** NEW ROOT ***************************************************

?PR?CK?MAIN
  +--> ?PR?_CK_SEND?MAIN



SYMBOL TABLE OF MODULE:  .\Objects\1 (?C_STARTUP)

  VALUE           TYPE          NAME
  ----------------------------------

  -------         MODULE        ?C_STARTUP
  C:004AH         SEGMENT       ?C_C51STARTUP
  I:0008H         SEGMENT       ?STACK
BL51 BANKED LINKER/LOCATER V6.22.4.0                                                  12/23/2024  10:52:42  PAGE 2


  C:0000H         PUBLIC        ?C_STARTUP
  D:00E0H         SYMBOL        ACC
  D:00F0H         SYMBOL        B
  D:0083H         SYMBOL        DPH
  D:0082H         SYMBOL        DPL
  N:0000H         SYMBOL        IBPSTACK
  N:0100H         SYMBOL        IBPSTACKTOP
  N:0080H         SYMBOL        IDATALEN
  C:004DH         SYMBOL        IDATALOOP
  N:0000H         SYMBOL        PBPSTACK
  N:0100H         SYMBOL        PBPSTACKTOP
  N:0000H         SYMBOL        PDATALEN
  N:0000H         SYMBOL        PDATASTART
  N:0000H         SYMBOL        PPAGE
  N:0000H         SYMBOL        PPAGEENABLE
  D:00A0H         SYMBOL        PPAGE_SFR
  D:0081H         SYMBOL        SP
  C:004AH         SYMBOL        STARTUP1
  N:0000H         SYMBOL        XBPSTACK
  N:0000H         SYMBOL        XBPSTACKTOP
  N:0000H         SYMBOL        XDATALEN
  N:0000H         SYMBOL        XDATASTART
  C:0000H         LINE#         126
  C:004AH         LINE#         133
  C:004CH         LINE#         134
  C:004DH         LINE#         135
  C:004EH         LINE#         136
  C:0050H         LINE#         185
  C:0053H         LINE#         196
  -------         ENDMOD        ?C_STARTUP

  -------         MODULE        MAIN
  C:0000H         SYMBOL        _ICE_DUMMY_
  D:00A0H         PUBLIC        P2
  B:00A8H.7       PUBLIC        EA
  C:0026H         PUBLIC        CK
  B:00A8H.4       PUBLIC        ES
  C:0056H         PUBLIC        _CK_send
  B:0098H.0       PUBLIC        RI
  B:0098H.1       PUBLIC        TI
  C:0003H         PUBLIC        main
  D:0099H         PUBLIC        SBUF
  D:0087H         PUBLIC        PCON
  D:0098H         PUBLIC        SCON
  D:0089H         PUBLIC        TMOD
  B:00A8H.3       PUBLIC        ET1
  D:008DH         PUBLIC        TH1
  D:008BH         PUBLIC        TL1
  B:0088H.6       PUBLIC        TR1
  -------         PROC          MAIN
  C:0003H         LINE#         3
  C:0003H         LINE#         4
  C:0003H         LINE#         5
  C:0006H         LINE#         6
  C:0009H         LINE#         7
  C:000CH         LINE#         8
  C:000FH         LINE#         9
BL51 BANKED LINKER/LOCATER V6.22.4.0                                                  12/23/2024  10:52:42  PAGE 3


  C:0012H         LINE#         10
  C:0014H         LINE#         11
  C:0016H         LINE#         12
  C:0018H         LINE#         13
  C:001AH         LINE#         14
  -------         ENDPROC       MAIN
  -------         PROC          _CK_SEND
  D:0007H         SYMBOL        a
  C:0056H         LINE#         17
  C:0056H         LINE#         18
  C:0056H         LINE#         19
  C:0058H         LINE#         20
  C:005BH         LINE#         21
  C:005DH         LINE#         22
  -------         ENDPROC       _CK_SEND
  -------         PROC          CK
  -------         DO            
  D:0007H         SYMBOL        a
  -------         ENDDO         
  C:0026H         LINE#         24
  C:002FH         LINE#         27
  C:0032H         LINE#         28
  C:0032H         LINE#         29
  C:0037H         LINE#         30
  C:0039H         LINE#         31
  C:003EH         LINE#         32
  C:003EH         LINE#         33
  C:0040H         LINE#         35
  C:0043H         LINE#         36
  C:0043H         LINE#         37
  C:0043H         LINE#         38
  -------         ENDPROC       CK
  -------         ENDMOD        MAIN

Program Size: data=9.0 xdata=0 code=87
LINK/LOCATE RUN COMPLETE.  0 WARNING(S),  0 ERROR(S)
